[debug] [2026-08-07T06:00:43.103Z] ----------------------------------------------------------------------
[debug] [2026-08-07T06:00:43.105Z] Command:       /Users/chimwopara/.nvm/versions/node/v20.19.4/bin/node /Users/chimwopara/.nvm/versions/node/v20.19.4/bin/firebase deploy --only functions --project prastfarms
[debug] [2026-08-07T06:00:43.105Z] CLI Version:   15.19.0
[debug] [2026-08-07T06:00:43.105Z] Platform:      darwin
[debug] [2026-08-07T06:00:43.105Z] Node Version:  v20.19.4
[debug] [2026-08-07T06:00:43.106Z] Time:          Fri Aug 07 2026 00:00:43 GMT-0600 (Mountain Daylight Time)
[debug] [2026-08-07T06:00:43.106Z] ----------------------------------------------------------------------
[debug] 
[debug] [2026-08-07T06:00:43.987Z] Object "/hosting/headers/0" in "firebase.json" is missing required property: {"missingProperty":"glob"}
[debug] [2026-08-07T06:00:43.987Z] Object "/hosting/headers/0" in "firebase.json" has unknown property: {"additionalProperty":"//"}
[debug] [2026-08-07T06:00:43.987Z] Object "/hosting/headers/0" in "firebase.json" is missing required property: {"missingProperty":"regex"}
[debug] [2026-08-07T06:00:43.988Z] Field "/hosting/headers/0" in "firebase.json" is possibly invalid: must match a schema in anyOf
[debug] [2026-08-07T06:00:43.988Z] Field "/hosting" in "firebase.json" is possibly invalid: must be array
[debug] [2026-08-07T06:00:43.988Z] Field "/hosting" in "firebase.json" is possibly invalid: must match a schema in anyOf
[debug] [2026-08-07T06:00:43.990Z] > command requires scopes: ["email","openid","https://www.googleapis.com/auth/cloudplatformprojects.readonly","https://www.googleapis.com/auth/firebase","https://www.googleapis.com/auth/cloud-platform"]
[debug] [2026-08-07T06:00:43.990Z] > authorizing via signed-in user (rwopara@gmail.com)
[debug] [2026-08-07T06:00:43.990Z] [iam] checking project prastfarms for permissions ["cloudfunctions.functions.create","cloudfunctions.functions.delete","cloudfunctions.functions.get","cloudfunctions.functions.list","cloudfunctions.functions.update","cloudfunctions.operations.get","firebase.projects.get"]
[debug] [2026-08-07T06:00:43.991Z] Checked if tokens are valid: true, expires at: 1786084095393
[debug] [2026-08-07T06:00:43.991Z] Checked if tokens are valid: true, expires at: 1786084095393
[debug] [2026-08-07T06:00:43.991Z] >>> [apiv2][query] POST https://cloudresourcemanager.googleapis.com/v1/projects/prastfarms:testIamPermissions [none]
[debug] [2026-08-07T06:00:43.991Z] >>> [apiv2][(partial)header] POST https://cloudresourcemanager.googleapis.com/v1/projects/prastfarms:testIamPermissions  x-goog-user-project=prastfarms
[debug] [2026-08-07T06:00:43.991Z] >>> [apiv2][body] POST https://cloudresourcemanager.googleapis.com/v1/projects/prastfarms:testIamPermissions {"permissions":["cloudfunctions.functions.create","cloudfunctions.functions.delete","cloudfunctions.functions.get","cloudfunctions.functions.list","cloudfunctions.functions.update","cloudfunctions.operations.get","firebase.projects.get"]}
[debug] [2026-08-07T06:00:44.208Z] <<< [apiv2][status] POST https://cloudresourcemanager.googleapis.com/v1/projects/prastfarms:testIamPermissions 200
[debug] [2026-08-07T06:00:44.209Z] <<< [apiv2][body] POST https://cloudresourcemanager.googleapis.com/v1/projects/prastfarms:testIamPermissions {"permissions":["cloudfunctions.functions.create","cloudfunctions.functions.delete","cloudfunctions.functions.get","cloudfunctions.functions.list","cloudfunctions.functions.update","cloudfunctions.operations.get","firebase.projects.get"]}
[debug] [2026-08-07T06:00:44.209Z] Checked if tokens are valid: true, expires at: 1786084095393
[debug] [2026-08-07T06:00:44.209Z] Checked if tokens are valid: true, expires at: 1786084095393
[debug] [2026-08-07T06:00:44.209Z] >>> [apiv2][query] POST https://iam.googleapis.com/v1/projects/prastfarms/serviceAccounts/prastfarms@appspot.gserviceaccount.com:testIamPermissions [none]
[debug] [2026-08-07T06:00:44.209Z] >>> [apiv2][body] POST https://iam.googleapis.com/v1/projects/prastfarms/serviceAccounts/prastfarms@appspot.gserviceaccount.com:testIamPermissions {"permissions":["iam.serviceAccounts.actAs"]}
[debug] [2026-08-07T06:00:44.594Z] <<< [apiv2][status] POST https://iam.googleapis.com/v1/projects/prastfarms/serviceAccounts/prastfarms@appspot.gserviceaccount.com:testIamPermissions 200
[debug] [2026-08-07T06:00:44.594Z] <<< [apiv2][body] POST https://iam.googleapis.com/v1/projects/prastfarms/serviceAccounts/prastfarms@appspot.gserviceaccount.com:testIamPermissions {"permissions":["iam.serviceAccounts.actAs"]}
[info] 
[info] === Deploying to 'prastfarms'...
[info] 
[info] i  deploying functions 
[debug] [2026-08-07T06:00:44.597Z] Checked if tokens are valid: true, expires at: 1786084095393
[debug] [2026-08-07T06:00:44.597Z] Checked if tokens are valid: true, expires at: 1786084095393
[debug] [2026-08-07T06:00:44.597Z] >>> [apiv2][query] GET https://cloudresourcemanager.googleapis.com/v1/projects/prastfarms [none]
[debug] [2026-08-07T06:00:44.734Z] <<< [apiv2][status] GET https://cloudresourcemanager.googleapis.com/v1/projects/prastfarms 200
[debug] [2026-08-07T06:00:44.734Z] <<< [apiv2][body] GET https://cloudresourcemanager.googleapis.com/v1/projects/prastfarms {"projectNumber":"408257225256","projectId":"prastfarms","lifecycleState":"ACTIVE","name":"Prast Farms","labels":{"firebase":"enabled","firebase-core":"disabled"},"createTime":"2026-07-29T15:40:37.391Z"}
[info] i  functions: preparing codebase default for deployment 
[info] i  functions: ensuring required API cloudfunctions.googleapis.com is enabled... 
[info] i  functions: ensuring required API cloudbuild.googleapis.com is enabled... 
[info] i  artifactregistry: ensuring required API artifactregistry.googleapis.com is enabled... 
[debug] [2026-08-07T06:00:44.736Z] Checked if tokens are valid: true, expires at: 1786084095393
[debug] [2026-08-07T06:00:44.736Z] Checked if tokens are valid: true, expires at: 1786084095393
[debug] [2026-08-07T06:00:44.736Z] >>> [apiv2][query] GET https://firebase.googleapis.com/v1beta1/projects/prastfarms/adminSdkConfig [none]
[debug] [2026-08-07T06:00:45.476Z] <<< [apiv2][status] GET https://firebase.googleapis.com/v1beta1/projects/prastfarms/adminSdkConfig 200
[debug] [2026-08-07T06:00:45.476Z] <<< [apiv2][body] GET https://firebase.googleapis.com/v1beta1/projects/prastfarms/adminSdkConfig {"projectId":"prastfarms","storageBucket":"prastfarms.firebasestorage.app"}
[debug] [2026-08-07T06:00:45.477Z] Checked if tokens are valid: true, expires at: 1786084095393
[debug] [2026-08-07T06:00:45.477Z] Checked if tokens are valid: true, expires at: 1786084095393
[debug] [2026-08-07T06:00:45.477Z] >>> [apiv2][query] GET https://runtimeconfig.googleapis.com/v1beta1/projects/prastfarms/configs [none]
[debug] [2026-08-07T06:00:45.974Z] <<< [apiv2][status] GET https://runtimeconfig.googleapis.com/v1beta1/projects/prastfarms/configs 200
[debug] [2026-08-07T06:00:45.974Z] <<< [apiv2][body] GET https://runtimeconfig.googleapis.com/v1beta1/projects/prastfarms/configs {}
[debug] [2026-08-07T06:00:45.977Z] Validating nodejs source
[warn] ⚠  functions: Runtime Node.js 20 was deprecated on 2026-04-30 and will be decommissioned on 2026-10-30, after which you will not be able to deploy without upgrading. Consider upgrading now to avoid disruption. See https://cloud.google.com/functions/docs/runtime-support for full details on the lifecycle policy 
[warn] ⚠  functions: package.json indicates an outdated version of firebase-functions. Please upgrade using npm install --save firebase-functions@latest in your functions directory. 
[warn] ⚠  functions: Please note that there will be breaking changes when you upgrade. 
[debug] [2026-08-07T06:00:46.687Z] > [functions] package.json contents: {
  "name": "prast-functions",
  "description": "Cloud Functions for the Prast Farms staff portal",
  "engines": {
    "node": "20"
  },
  "main": "index.js",
  "dependencies": {
    "firebase-admin": "^12.6.0",
    "firebase-functions": "^6.1.0"
  },
  "private": true
}
[debug] [2026-08-07T06:00:46.687Z] Building nodejs source
[info] i  functions: Loading and analyzing source code for codebase default to determine what to deploy 
[debug] [2026-08-07T06:00:46.688Z] Could not find functions.yaml. Must use http discovery
[debug] [2026-08-07T06:00:46.695Z] Found firebase-functions binary at '/Users/chimwopara/Documents/Coding/html/prastfarms/functions/node_modules/.bin/firebase-functions'
[info] Serving at port 8878

[debug] [2026-08-07T06:00:47.112Z] Got response from /__/functions.yaml {"endpoints":{"assistant":{"availableMemoryMb":256,"timeoutSeconds":60,"minInstances":null,"maxInstances":3,"ingressSettings":null,"concurrency":null,"serviceAccountEmail":null,"vpc":null,"platform":"gcfv2","region":["us-central1"],"secretEnvironmentVariables":[{"key":"DEEPSEEK_KEY"}],"labels":{},"callableTrigger":{},"entryPoint":"assistant"},"ask":{"availableMemoryMb":256,"timeoutSeconds":30,"minInstances":null,"maxInstances":2,"ingressSettings":null,"concurrency":null,"serviceAccountEmail":null,"vpc":null,"platform":"gcfv2","region":["us-central1"],"secretEnvironmentVariables":[{"key":"DEEPSEEK_KEY"}],"labels":{},"callableTrigger":{},"entryPoint":"ask"},"readReceipt":{"availableMemoryMb":512,"timeoutSeconds":120,"minInstances":null,"maxInstances":3,"ingressSettings":null,"concurrency":null,"serviceAccountEmail":null,"vpc":null,"platform":"gcfv2","region":["us-central1"],"secretEnvironmentVariables":[{"key":"GEMINI_KEY"}],"labels":{},"callableTrigger":{},"entryPoint":"readReceipt"},"readDate":{"availableMemoryMb":256,"timeoutSeconds":20,"minInstances":null,"maxInstances":2,"ingressSettings":null,"concurrency":null,"serviceAccountEmail":null,"vpc":null,"platform":"gcfv2","region":["us-central1"],"secretEnvironmentVariables":[{"key":"DEEPSEEK_KEY"}],"labels":{},"callableTrigger":{},"entryPoint":"readDate"},"readStatement":{"availableMemoryMb":1024,"timeoutSeconds":540,"minInstances":null,"maxInstances":2,"ingressSettings":null,"concurrency":null,"serviceAccountEmail":null,"vpc":null,"platform":"gcfv2","region":["us-central1"],"secretEnvironmentVariables":[{"key":"GEMINI_KEY"}],"labels":{},"callableTrigger":{},"entryPoint":"readStatement"}},"specVersion":"v1alpha1","requiredAPIs":[],"extensions":{},"params":[{"type":"secret","name":"DEEPSEEK_KEY"},{"type":"secret","name":"GEMINI_KEY"}]}
[debug] [2026-08-07T06:00:51.127Z] Checked if tokens are valid: true, expires at: 1786084095393
[debug] [2026-08-07T06:00:51.128Z] Checked if tokens are valid: true, expires at: 1786084095393
[debug] [2026-08-07T06:00:51.128Z] >>> [apiv2][query] GET https://cloudfunctions.googleapis.com/v1/projects/prastfarms/locations/-/functions [none]
